// Jest Snapshot v1, https://goo.gl/fbAQLP

exports[`should render an Decor 1`] = `
<Fragment>
  <Header
    disabled={false}
    link="/main-page"
    linkItem={
      <button
        className="buttonBack"
        type="button"
      >
        Назад
      </button>
    }
  />
  <div
    className="container-wrap"
  >
    <div
      className="items"
    >
      <Connect(CatalogItem)
        counter={1}
        description="Часы настенные Troyka 91900929 (230)"
        id={9}
        img={
          <img
            alt="Часы настенные Troyka 91900929 (230)"
            className="imgItem"
            src="decor1.jpg"
            title="Часы настенные Troyka 91900929 (230)"
          />
        }
        inStock={true}
        price={33}
        setPopupBasketctive={[Function]}
      />
      <Connect(CatalogItem)
        counter={1}
        description="Репродукция в раме Styler Осень-1 (OB-02591) 500x500"
        id={10}
        img={
          <img
            alt="Репродукция в раме Styler Осень-1 (OB-02591) 500x500"
            className="imgItem"
            src="decor2.jpg"
            title="Репродукция в раме Styler Осень-1 (OB-02591) 500x500"
          />
        }
        inStock={true}
        price={42}
        setPopupBasketctive={[Function]}
      />
      <Connect(CatalogItem)
        counter={1}
        description="Подушка декоративная Nivasan Дино"
        id={11}
        img={
          <img
            alt="Подушка декоративная Nivasan Дино"
            className="imgItem"
            src="decor3.jpg"
            title="Подушка декоративная Nivasan Дино"
          />
        }
        inStock={true}
        price={28}
        setPopupBasketctive={[Function]}
      />
    </div>
  </div>
  <PopUp
    active={false}
    setActive={[Function]}
  >
    <PopupBasket
      closePopup={[Function]}
    />
  </PopUp>
  <Footer />
</Fragment>
`;
